// Vitest Snapshot v1, https://vitest.dev/guide/snapshot.html

exports[`Form Analytics Page > renders analytics page when form exists and flag is enabled 1`] = `
<div>
  <div
    class="container py-6"
  >
    <header
      class="mb-6 flex flex-wrap items-start justify-between gap-4"
    >
      <div
        class="flex max-w-prose min-w-0 flex-col gap-1"
      >
        <h1
          class="font-semibold tracking-tight text-2xl break-words"
        >
          Analytics
        </h1>
        <p
          class="text-muted-foreground"
        >
          Survey analytics and charts (v1: mocked data).
        </p>
      </div>
    </header>
    <div
      data-testid="survey-dashboard-wrapper"
    >
      survey-dashboard 
      mock
    </div>
  </div>
</div>
`;
