// Vitest Snapshot v1, https://vitest.dev/guide/snapshot.html

exports[`ShareForm Page > renders form when definition is found 1`] = `
<div
  className="_surveyPage_336443"
>
  <div
    className="_surveyContent_336443"
  >
    <React.Suspense
      fallback={
        <div>
          Loading...
        </div>
      }
    >
      <FormRuntimeProvider
        initialState={
          {
            "formId": "valid-id",
            "submissionId": undefined,
            "token": undefined,
          }
        }
      >
        <AssetStorageProvider>
          <default
            customQuestions={[]}
            definition={
              {
                "title": "Test Form",
              }
            }
            formId="valid-id"
            requiresReCaptcha={false}
            theme={{}}
          />
        </AssetStorageProvider>
      </FormRuntimeProvider>
    </React.Suspense>
  </div>
</div>
`;
