// Vitest Snapshot v1, https://vitest.dev/guide/snapshot.html

exports[`Submission files page > matches snapshot 1`] = `
<div
  class="space-y-6"
>
  <div
    class="flex items-center gap-4"
  >
    <a
      class="inline-flex items-center justify-center whitespace-nowrap text-sm font-medium transition-all disabled:pointer-events-none disabled:opacity-50 [&_svg]:pointer-events-none [&_svg:not([class*='size-'])]:size-4 shrink-0 [&_svg]:shrink-0 outline-none focus-visible:border-ring focus-visible:ring-ring/50 focus-visible:ring-[3px] aria-invalid:ring-destructive/20 dark:aria-invalid:ring-destructive/40 aria-invalid:border-destructive border bg-background shadow-xs hover:bg-accent hover:text-accent-foreground dark:bg-input/30 dark:border-input dark:hover:bg-input/50 h-8 rounded-md gap-1.5 px-3 has-[>svg]:px-2.5 gap-2"
      data-size="sm"
      data-slot="button"
      data-variant="outline"
      href="/forms/f1/submissions/s1"
    >
      ← Back to submission
    </a>
  </div>
  <div
    class="bg-card text-card-foreground flex flex-col gap-6 rounded-[6px] border shadow-sm py-6"
    data-slot="card"
  >
    <div
      class="@container/card-header grid auto-rows-min grid-rows-[auto_auto] items-start gap-2 px-6 has-data-[slot=card-action]:grid-cols-[1fr_auto] [.border-b]:pb-6"
      data-slot="card-header"
    >
      <div
        class="leading-none font-semibold"
        data-slot="card-title"
      >
        Submission files
      </div>
      <div
        class="text-muted-foreground text-sm"
        data-slot="card-description"
      >
        Form 
        f1
         · Submission 
        s1
      </div>
    </div>
    <div
      class="px-6"
      data-slot="card-content"
    >
      <div
        data-testid="submission-files-table"
      >
        <span
          data-testid="form-id"
        >
          f1
        </span>
        <span
          data-testid="submission-id"
        >
          s1
        </span>
        <span
          data-testid="file-count"
        >
          1
        </span>
      </div>
    </div>
  </div>
</div>
`;
