// Vitest Snapshot v1, https://vitest.dev/guide/snapshot.html

exports[`Submission file page ([fileName]) > matches snapshot 1`] = `
<div
  data-testid="submission-file-view"
>
  <span
    data-testid="form-id"
  >
    f1
  </span>
  <span
    data-testid="submission-id"
  >
    s1
  </span>
  <span
    data-testid="file-display-name"
  >
    doc.pdf
  </span>
  <span
    data-testid="file-url"
  >
    https://account.blob.core.windows.net/user-files/s/f1/s1/doc.pdf?sig=abc
  </span>
</div>
`;
